// This code was generated by FFIG <http://ffig.org>.
// Manual edits will be lost.
class Tree {

  let obj_ : OpaquePointer

  init(obj:OpaquePointer)
  {
    obj_ = obj
  }

  deinit
  {
    Tree_Tree_dispose(obj_)
  }

  func left_subtree() -> CInt
  {
    let rv = Tree_Tree_left_subtree_noexcept(obj_)
    return rv
  }

  func right_subtree() -> CInt
  {
    let rv = Tree_Tree_right_subtree_noexcept(obj_)
    return rv
  }

  func data() -> CInt
  {
    let rv = Tree_Tree_data_noexcept(obj_)
    return rv
  }

  func set_data(x:CInt) -> CInt
  {
    let rv = Tree_Tree_set_data_noexcept(obj_, x)
    return rv
  }

}
